RRRRY RXRXYXXXXXXXXRXXXRXXXXXXXX
RRRGY RXRXGXXXXXXRXRXXXRYRXXXXXX
GRGGG RXRGGXXRGXXRXRXXXRGRXXXXXX
GGGGG RXRGGXXRGXXRXRXGXRGRXXXXXX
CORRECT 4
1 0 4.00
CRANE 1 SHIED 1 SPIED 1 TELES 1
YRRRG RXXXGXXXXXXRXXXXXXYRXXXXXX
RRRRR RXXRGXXXRXXRXXRXXXYRRXXXXX
RRRGG RXXRGXXXRXXRXXRRXRGRRXXXXX
RRGGR RXRRGXXRRXXRXXRRXRGRRXXXXX
GRGYR RXRRGXGRRXXRXRRRXRGRRXXXXX
RRGYR RRRRGXGRRXXRXRRRXRGRRXXXXX
FAILED GEESE
1 1 4.00
AUDIO 1 BLEED 1 CHESS 1 CRANE 1 GREEN 1
